MPLINK 5.08, LINKER
Linker Map File - Created Fri Aug 14 21:30:35 2020

                                 Section Info
                  Section       Type    Address   Location Size(Bytes)
                ---------  ---------  ---------  ---------  ---------
                 RES_VECT       code   0x000000    program   0x000002
                   .cinit    romdata   0x000001    program   0x000004
                 ISR_VECT       code   0x000004    program   0x00001c
                MAIN_PROG       code   0x000012    program   0x000076
.config_2007_BUILD/DEFAULT/PRODUCTION/LABB3.O       code   0x002007    program   0x000002
.config_2008_BUILD/DEFAULT/PRODUCTION/LABB3.O       code   0x002008    program   0x000002
                  GPR_VAR      udata   0x000020       data   0x000007



                              Program Memory Usage 
                               Start         End      
                           ---------   ---------      
                            0x000000    0x000002      
                            0x000004    0x00004c      
                            0x002007    0x002008      
            78 out of 8455 program addresses used, program memory utilization is 0%



                              Symbols - Sorted by Name
                     Name    Address   Location    Storage File                     
                ---------  ---------  ---------  --------- ---------                
         CONFIG_INTERRUPT   0x000039    program     static D:\UVG\Tercer año\Segundo semestre\Progra de micros\MPLAB\Prueba lab3.X\labb3.asm
                CONFIG_IO   0x000026    program     static D:\UVG\Tercer año\Segundo semestre\Progra de micros\MPLAB\Prueba lab3.X\labb3.asm
                   DECRED   0x000021    program     static D:\UVG\Tercer año\Segundo semestre\Progra de micros\MPLAB\Prueba lab3.X\labb3.asm
              DELAY_SMALL   0x000049    program     static D:\UVG\Tercer año\Segundo semestre\Progra de micros\MPLAB\Prueba lab3.X\labb3.asm
                   INCRED   0x00001c    program     static D:\UVG\Tercer año\Segundo semestre\Progra de micros\MPLAB\Prueba lab3.X\labb3.asm
                INIT_TMR0   0x00003c    program     static D:\UVG\Tercer año\Segundo semestre\Progra de micros\MPLAB\Prueba lab3.X\labb3.asm
                      ISR   0x000007    program     static D:\UVG\Tercer año\Segundo semestre\Progra de micros\MPLAB\Prueba lab3.X\labb3.asm
                     LOOP   0x000017    program     static D:\UVG\Tercer año\Segundo semestre\Progra de micros\MPLAB\Prueba lab3.X\labb3.asm
                      POP   0x00000d    program     static D:\UVG\Tercer año\Segundo semestre\Progra de micros\MPLAB\Prueba lab3.X\labb3.asm
                     PUSH   0x000004    program     static D:\UVG\Tercer año\Segundo semestre\Progra de micros\MPLAB\Prueba lab3.X\labb3.asm
                    SETUP   0x000012    program     static D:\UVG\Tercer año\Segundo semestre\Progra de micros\MPLAB\Prueba lab3.X\labb3.asm
          _MAIN_PROG_003A   0x00004c    program     static D:\UVG\Tercer año\Segundo semestre\Progra de micros\MPLAB\Prueba lab3.X\labb3.asm
                    CONT1   0x000020       data     static D:\UVG\Tercer año\Segundo semestre\Progra de micros\MPLAB\Prueba lab3.X\labb3.asm
                 CONT50MS   0x000021       data     static D:\UVG\Tercer año\Segundo semestre\Progra de micros\MPLAB\Prueba lab3.X\labb3.asm
                 NIBBLE_H   0x000026       data     static D:\UVG\Tercer año\Segundo semestre\Progra de micros\MPLAB\Prueba lab3.X\labb3.asm
                 NIBBLE_L   0x000025       data     static D:\UVG\Tercer año\Segundo semestre\Progra de micros\MPLAB\Prueba lab3.X\labb3.asm
              STATUS_TEMP   0x000023       data     static D:\UVG\Tercer año\Segundo semestre\Progra de micros\MPLAB\Prueba lab3.X\labb3.asm
              VAR_DISPLAY   0x000024       data     static D:\UVG\Tercer año\Segundo semestre\Progra de micros\MPLAB\Prueba lab3.X\labb3.asm
                   W_TEMP   0x000022       data     static D:\UVG\Tercer año\Segundo semestre\Progra de micros\MPLAB\Prueba lab3.X\labb3.asm



                              Symbols - Sorted by Address
                     Name    Address   Location    Storage File                     
                ---------  ---------  ---------  --------- ---------                
                     PUSH   0x000004    program     static D:\UVG\Tercer año\Segundo semestre\Progra de micros\MPLAB\Prueba lab3.X\labb3.asm
                      ISR   0x000007    program     static D:\UVG\Tercer año\Segundo semestre\Progra de micros\MPLAB\Prueba lab3.X\labb3.asm
                      POP   0x00000d    program     static D:\UVG\Tercer año\Segundo semestre\Progra de micros\MPLAB\Prueba lab3.X\labb3.asm
                    SETUP   0x000012    program     static D:\UVG\Tercer año\Segundo semestre\Progra de micros\MPLAB\Prueba lab3.X\labb3.asm
                     LOOP   0x000017    program     static D:\UVG\Tercer año\Segundo semestre\Progra de micros\MPLAB\Prueba lab3.X\labb3.asm
                   INCRED   0x00001c    program     static D:\UVG\Tercer año\Segundo semestre\Progra de micros\MPLAB\Prueba lab3.X\labb3.asm
                   DECRED   0x000021    program     static D:\UVG\Tercer año\Segundo semestre\Progra de micros\MPLAB\Prueba lab3.X\labb3.asm
                CONFIG_IO   0x000026    program     static D:\UVG\Tercer año\Segundo semestre\Progra de micros\MPLAB\Prueba lab3.X\labb3.asm
         CONFIG_INTERRUPT   0x000039    program     static D:\UVG\Tercer año\Segundo semestre\Progra de micros\MPLAB\Prueba lab3.X\labb3.asm
                INIT_TMR0   0x00003c    program     static D:\UVG\Tercer año\Segundo semestre\Progra de micros\MPLAB\Prueba lab3.X\labb3.asm
              DELAY_SMALL   0x000049    program     static D:\UVG\Tercer año\Segundo semestre\Progra de micros\MPLAB\Prueba lab3.X\labb3.asm
          _MAIN_PROG_003A   0x00004c    program     static D:\UVG\Tercer año\Segundo semestre\Progra de micros\MPLAB\Prueba lab3.X\labb3.asm
                    CONT1   0x000020       data     static D:\UVG\Tercer año\Segundo semestre\Progra de micros\MPLAB\Prueba lab3.X\labb3.asm
                 CONT50MS   0x000021       data     static D:\UVG\Tercer año\Segundo semestre\Progra de micros\MPLAB\Prueba lab3.X\labb3.asm
                   W_TEMP   0x000022       data     static D:\UVG\Tercer año\Segundo semestre\Progra de micros\MPLAB\Prueba lab3.X\labb3.asm
              STATUS_TEMP   0x000023       data     static D:\UVG\Tercer año\Segundo semestre\Progra de micros\MPLAB\Prueba lab3.X\labb3.asm
              VAR_DISPLAY   0x000024       data     static D:\UVG\Tercer año\Segundo semestre\Progra de micros\MPLAB\Prueba lab3.X\labb3.asm
                 NIBBLE_L   0x000025       data     static D:\UVG\Tercer año\Segundo semestre\Progra de micros\MPLAB\Prueba lab3.X\labb3.asm
                 NIBBLE_H   0x000026       data     static D:\UVG\Tercer año\Segundo semestre\Progra de micros\MPLAB\Prueba lab3.X\labb3.asm


