MPLINK 5.08, LINKER
Linker Map File - Created Sun Sep 20 21:50:27 2020

                                 Section Info
                  Section       Type    Address   Location Size(Bytes)
                ---------  ---------  ---------  ---------  ---------
                 RES_VECT       code   0x000000    program   0x000002
                   .cinit    romdata   0x000001    program   0x000004
           INTERRUPCIONES       code   0x000004    program   0x000044
                MAIN_PROG       code   0x000026    program   0x00018a
.config_2007_BUILD/DEFAULT/PRODUCTION/PRUEBA        code   0x002007    program   0x000002
.config_2008_BUILD/DEFAULT/PRODUCTION/PRUEBA        code   0x002008    program   0x000002
                  GPR_VAR      udata   0x000020       data   0x00000d



                              Program Memory Usage 
                               Start         End      
                           ---------   ---------      
                            0x000000    0x000002      
                            0x000004    0x0000ea      
                            0x002007    0x002008      
            236 out of 8455 program addresses used, program memory utilization is 2%



                              Symbols - Sorted by Name
                     Name    Address   Location    Storage File                     
                ---------  ---------  ---------  --------- ---------                
    CONFIG_INTERRUPCIONES   0x0000dc    program     static D:\UVG\Tercer año\Segundo semestre\Progra de micros\MPLAB\pruebap1.X\prueba p 1.asm
                CONFIG_IO   0x0000a4    program     static D:\UVG\Tercer año\Segundo semestre\Progra de micros\MPLAB\pruebap1.X\prueba p 1.asm
              CONFIG_OSCI   0x0000c4    program     static D:\UVG\Tercer año\Segundo semestre\Progra de micros\MPLAB\pruebap1.X\prueba p 1.asm
            CONFIG_TIMER0   0x0000c9    program     static D:\UVG\Tercer año\Segundo semestre\Progra de micros\MPLAB\pruebap1.X\prueba p 1.asm
                   DAYS_U   0x00009e    program     static D:\UVG\Tercer año\Segundo semestre\Progra de micros\MPLAB\pruebap1.X\prueba p 1.asm
                    DELAY   0x0000e0    program     static D:\UVG\Tercer año\Segundo semestre\Progra de micros\MPLAB\pruebap1.X\prueba p 1.asm
              DELAY_LARGO   0x0000e5    program     static D:\UVG\Tercer año\Segundo semestre\Progra de micros\MPLAB\pruebap1.X\prueba p 1.asm
                DISPLAY_0   0x000041    program     static D:\UVG\Tercer año\Segundo semestre\Progra de micros\MPLAB\pruebap1.X\prueba p 1.asm
                DISPLAY_1   0x00004c    program     static D:\UVG\Tercer año\Segundo semestre\Progra de micros\MPLAB\pruebap1.X\prueba p 1.asm
                DISPLAY_2   0x000057    program     static D:\UVG\Tercer año\Segundo semestre\Progra de micros\MPLAB\pruebap1.X\prueba p 1.asm
                DISPLAY_3   0x000062    program     static D:\UVG\Tercer año\Segundo semestre\Progra de micros\MPLAB\pruebap1.X\prueba p 1.asm
                  HORAS_D   0x000088    program     static D:\UVG\Tercer año\Segundo semestre\Progra de micros\MPLAB\pruebap1.X\prueba p 1.asm
                  HORAS_U   0x00007e    program     static D:\UVG\Tercer año\Segundo semestre\Progra de micros\MPLAB\pruebap1.X\prueba p 1.asm
             HORA_INICIAL   0x0000bb    program     static D:\UVG\Tercer año\Segundo semestre\Progra de micros\MPLAB\pruebap1.X\prueba p 1.asm
             INTERRUPCION   0x000007    program     static D:\UVG\Tercer año\Segundo semestre\Progra de micros\MPLAB\pruebap1.X\prueba p 1.asm
                     LOOP   0x00002e    program     static D:\UVG\Tercer año\Segundo semestre\Progra de micros\MPLAB\pruebap1.X\prueba p 1.asm
                MINUTOS_D   0x000075    program     static D:\UVG\Tercer año\Segundo semestre\Progra de micros\MPLAB\pruebap1.X\prueba p 1.asm
                MINUTOS_U   0x00006d    program     static D:\UVG\Tercer año\Segundo semestre\Progra de micros\MPLAB\pruebap1.X\prueba p 1.asm
             MULTIPLEXADO   0x00003c    program     static D:\UVG\Tercer año\Segundo semestre\Progra de micros\MPLAB\pruebap1.X\prueba p 1.asm
                  NUMEROS   0x00001a    program     static D:\UVG\Tercer año\Segundo semestre\Progra de micros\MPLAB\pruebap1.X\prueba p 1.asm
                  OSCILAR   0x000034    program     static D:\UVG\Tercer año\Segundo semestre\Progra de micros\MPLAB\pruebap1.X\prueba p 1.asm
                      POP   0x000015    program     static D:\UVG\Tercer año\Segundo semestre\Progra de micros\MPLAB\pruebap1.X\prueba p 1.asm
                     PUSH   0x000004    program     static D:\UVG\Tercer año\Segundo semestre\Progra de micros\MPLAB\pruebap1.X\prueba p 1.asm
            REVISIONHORAS   0x000098    program     static D:\UVG\Tercer año\Segundo semestre\Progra de micros\MPLAB\pruebap1.X\prueba p 1.asm
                    SETUP   0x000026    program     static D:\UVG\Tercer año\Segundo semestre\Progra de micros\MPLAB\pruebap1.X\prueba p 1.asm
                 UNMINUTO   0x000039    program     static D:\UVG\Tercer año\Segundo semestre\Progra de micros\MPLAB\pruebap1.X\prueba p 1.asm
          _MAIN_PROG_0010   0x000036    program     static D:\UVG\Tercer año\Segundo semestre\Progra de micros\MPLAB\pruebap1.X\prueba p 1.asm
          _MAIN_PROG_00BD   0x0000e3    program     static D:\UVG\Tercer año\Segundo semestre\Progra de micros\MPLAB\pruebap1.X\prueba p 1.asm
          _MAIN_PROG_00C3   0x0000e9    program     static D:\UVG\Tercer año\Segundo semestre\Progra de micros\MPLAB\pruebap1.X\prueba p 1.asm
                  BANDERA   0x000022       data     static D:\UVG\Tercer año\Segundo semestre\Progra de micros\MPLAB\pruebap1.X\prueba p 1.asm
            CONT_DISPLAYS   0x000025       data     static D:\UVG\Tercer año\Segundo semestre\Progra de micros\MPLAB\pruebap1.X\prueba p 1.asm
                DEC_DELAY   0x000023       data     static D:\UVG\Tercer año\Segundo semestre\Progra de micros\MPLAB\pruebap1.X\prueba p 1.asm
           DEC_DELAYLARGO   0x000024       data     static D:\UVG\Tercer año\Segundo semestre\Progra de micros\MPLAB\pruebap1.X\prueba p 1.asm
             HORA_DECENAS   0x000029       data     static D:\UVG\Tercer año\Segundo semestre\Progra de micros\MPLAB\pruebap1.X\prueba p 1.asm
            HORA_UNIDADES   0x000028       data     static D:\UVG\Tercer año\Segundo semestre\Progra de micros\MPLAB\pruebap1.X\prueba p 1.asm
             MEDIOSEGUNDO   0x00002a       data     static D:\UVG\Tercer año\Segundo semestre\Progra de micros\MPLAB\pruebap1.X\prueba p 1.asm
              MIN_DECENAS   0x000027       data     static D:\UVG\Tercer año\Segundo semestre\Progra de micros\MPLAB\pruebap1.X\prueba p 1.asm
             MIN_UNIDADES   0x000026       data     static D:\UVG\Tercer año\Segundo semestre\Progra de micros\MPLAB\pruebap1.X\prueba p 1.asm
     NUMEROINTERRUPCIONES   0x00002c       data     static D:\UVG\Tercer año\Segundo semestre\Progra de micros\MPLAB\pruebap1.X\prueba p 1.asm
               STATUSTEMP   0x000021       data     static D:\UVG\Tercer año\Segundo semestre\Progra de micros\MPLAB\pruebap1.X\prueba p 1.asm
                    WTEMP   0x000020       data     static D:\UVG\Tercer año\Segundo semestre\Progra de micros\MPLAB\pruebap1.X\prueba p 1.asm
    W_TEMPMINUTOSUNIDADES   0x00002b       data     static D:\UVG\Tercer año\Segundo semestre\Progra de micros\MPLAB\pruebap1.X\prueba p 1.asm



                              Symbols - Sorted by Address
                     Name    Address   Location    Storage File                     
                ---------  ---------  ---------  --------- ---------                
                     PUSH   0x000004    program     static D:\UVG\Tercer año\Segundo semestre\Progra de micros\MPLAB\pruebap1.X\prueba p 1.asm
             INTERRUPCION   0x000007    program     static D:\UVG\Tercer año\Segundo semestre\Progra de micros\MPLAB\pruebap1.X\prueba p 1.asm
                      POP   0x000015    program     static D:\UVG\Tercer año\Segundo semestre\Progra de micros\MPLAB\pruebap1.X\prueba p 1.asm
                  NUMEROS   0x00001a    program     static D:\UVG\Tercer año\Segundo semestre\Progra de micros\MPLAB\pruebap1.X\prueba p 1.asm
                    SETUP   0x000026    program     static D:\UVG\Tercer año\Segundo semestre\Progra de micros\MPLAB\pruebap1.X\prueba p 1.asm
                     LOOP   0x00002e    program     static D:\UVG\Tercer año\Segundo semestre\Progra de micros\MPLAB\pruebap1.X\prueba p 1.asm
                  OSCILAR   0x000034    program     static D:\UVG\Tercer año\Segundo semestre\Progra de micros\MPLAB\pruebap1.X\prueba p 1.asm
          _MAIN_PROG_0010   0x000036    program     static D:\UVG\Tercer año\Segundo semestre\Progra de micros\MPLAB\pruebap1.X\prueba p 1.asm
                 UNMINUTO   0x000039    program     static D:\UVG\Tercer año\Segundo semestre\Progra de micros\MPLAB\pruebap1.X\prueba p 1.asm
             MULTIPLEXADO   0x00003c    program     static D:\UVG\Tercer año\Segundo semestre\Progra de micros\MPLAB\pruebap1.X\prueba p 1.asm
                DISPLAY_0   0x000041    program     static D:\UVG\Tercer año\Segundo semestre\Progra de micros\MPLAB\pruebap1.X\prueba p 1.asm
                DISPLAY_1   0x00004c    program     static D:\UVG\Tercer año\Segundo semestre\Progra de micros\MPLAB\pruebap1.X\prueba p 1.asm
                DISPLAY_2   0x000057    program     static D:\UVG\Tercer año\Segundo semestre\Progra de micros\MPLAB\pruebap1.X\prueba p 1.asm
                DISPLAY_3   0x000062    program     static D:\UVG\Tercer año\Segundo semestre\Progra de micros\MPLAB\pruebap1.X\prueba p 1.asm
                MINUTOS_U   0x00006d    program     static D:\UVG\Tercer año\Segundo semestre\Progra de micros\MPLAB\pruebap1.X\prueba p 1.asm
                MINUTOS_D   0x000075    program     static D:\UVG\Tercer año\Segundo semestre\Progra de micros\MPLAB\pruebap1.X\prueba p 1.asm
                  HORAS_U   0x00007e    program     static D:\UVG\Tercer año\Segundo semestre\Progra de micros\MPLAB\pruebap1.X\prueba p 1.asm
                  HORAS_D   0x000088    program     static D:\UVG\Tercer año\Segundo semestre\Progra de micros\MPLAB\pruebap1.X\prueba p 1.asm
            REVISIONHORAS   0x000098    program     static D:\UVG\Tercer año\Segundo semestre\Progra de micros\MPLAB\pruebap1.X\prueba p 1.asm
                   DAYS_U   0x00009e    program     static D:\UVG\Tercer año\Segundo semestre\Progra de micros\MPLAB\pruebap1.X\prueba p 1.asm
                CONFIG_IO   0x0000a4    program     static D:\UVG\Tercer año\Segundo semestre\Progra de micros\MPLAB\pruebap1.X\prueba p 1.asm
             HORA_INICIAL   0x0000bb    program     static D:\UVG\Tercer año\Segundo semestre\Progra de micros\MPLAB\pruebap1.X\prueba p 1.asm
              CONFIG_OSCI   0x0000c4    program     static D:\UVG\Tercer año\Segundo semestre\Progra de micros\MPLAB\pruebap1.X\prueba p 1.asm
            CONFIG_TIMER0   0x0000c9    program     static D:\UVG\Tercer año\Segundo semestre\Progra de micros\MPLAB\pruebap1.X\prueba p 1.asm
    CONFIG_INTERRUPCIONES   0x0000dc    program     static D:\UVG\Tercer año\Segundo semestre\Progra de micros\MPLAB\pruebap1.X\prueba p 1.asm
                    DELAY   0x0000e0    program     static D:\UVG\Tercer año\Segundo semestre\Progra de micros\MPLAB\pruebap1.X\prueba p 1.asm
          _MAIN_PROG_00BD   0x0000e3    program     static D:\UVG\Tercer año\Segundo semestre\Progra de micros\MPLAB\pruebap1.X\prueba p 1.asm
              DELAY_LARGO   0x0000e5    program     static D:\UVG\Tercer año\Segundo semestre\Progra de micros\MPLAB\pruebap1.X\prueba p 1.asm
          _MAIN_PROG_00C3   0x0000e9    program     static D:\UVG\Tercer año\Segundo semestre\Progra de micros\MPLAB\pruebap1.X\prueba p 1.asm
                    WTEMP   0x000020       data     static D:\UVG\Tercer año\Segundo semestre\Progra de micros\MPLAB\pruebap1.X\prueba p 1.asm
               STATUSTEMP   0x000021       data     static D:\UVG\Tercer año\Segundo semestre\Progra de micros\MPLAB\pruebap1.X\prueba p 1.asm
                  BANDERA   0x000022       data     static D:\UVG\Tercer año\Segundo semestre\Progra de micros\MPLAB\pruebap1.X\prueba p 1.asm
                DEC_DELAY   0x000023       data     static D:\UVG\Tercer año\Segundo semestre\Progra de micros\MPLAB\pruebap1.X\prueba p 1.asm
           DEC_DELAYLARGO   0x000024       data     static D:\UVG\Tercer año\Segundo semestre\Progra de micros\MPLAB\pruebap1.X\prueba p 1.asm
            CONT_DISPLAYS   0x000025       data     static D:\UVG\Tercer año\Segundo semestre\Progra de micros\MPLAB\pruebap1.X\prueba p 1.asm
             MIN_UNIDADES   0x000026       data     static D:\UVG\Tercer año\Segundo semestre\Progra de micros\MPLAB\pruebap1.X\prueba p 1.asm
              MIN_DECENAS   0x000027       data     static D:\UVG\Tercer año\Segundo semestre\Progra de micros\MPLAB\pruebap1.X\prueba p 1.asm
            HORA_UNIDADES   0x000028       data     static D:\UVG\Tercer año\Segundo semestre\Progra de micros\MPLAB\pruebap1.X\prueba p 1.asm
             HORA_DECENAS   0x000029       data     static D:\UVG\Tercer año\Segundo semestre\Progra de micros\MPLAB\pruebap1.X\prueba p 1.asm
             MEDIOSEGUNDO   0x00002a       data     static D:\UVG\Tercer año\Segundo semestre\Progra de micros\MPLAB\pruebap1.X\prueba p 1.asm
    W_TEMPMINUTOSUNIDADES   0x00002b       data     static D:\UVG\Tercer año\Segundo semestre\Progra de micros\MPLAB\pruebap1.X\prueba p 1.asm
     NUMEROINTERRUPCIONES   0x00002c       data     static D:\UVG\Tercer año\Segundo semestre\Progra de micros\MPLAB\pruebap1.X\prueba p 1.asm


