MPLINK 5.08, LINKER
Linker Map File - Created Fri Aug 07 08:06:32 2020

                                 Section Info
                  Section       Type    Address   Location Size(Bytes)
                ---------  ---------  ---------  ---------  ---------
                 RES_VECT       code   0x000000    program   0x000002
                   .cinit    romdata   0x000001    program   0x000004
                MAIN_PROG       code   0x000100    program   0x000054
.config_2007_BUILD/DEFAULT/PRODUCTION/CONTADO       code   0x002007    program   0x000002
.config_2008_BUILD/DEFAULT/PRODUCTION/CONTADO       code   0x002008    program   0x000002
                  GPR_VAR      udata   0x000020       data   0x000003



                              Program Memory Usage 
                               Start         End      
                           ---------   ---------      
                            0x000000    0x000002      
                            0x000100    0x000129      
                            0x002007    0x002008      
            47 out of 8455 program addresses used, program memory utilization is 0%



                              Symbols - Sorted by Name
                     Name    Address   Location    Storage File                     
                ---------  ---------  ---------  --------- ---------                
                  CONFIG1   0x000121    program     static D:\UVG\Tercer año\Segundo semestre\Progra de micros\MPLAB\LAB 2.X\contador.asm
                 DEBOUNCE   0x00011a    program     static D:\UVG\Tercer año\Segundo semestre\Progra de micros\MPLAB\LAB 2.X\contador.asm
                DELAY_BIG   0x00011f    program     static D:\UVG\Tercer año\Segundo semestre\Progra de micros\MPLAB\LAB 2.X\contador.asm
              DELAY_SMALL   0x000125    program     static D:\UVG\Tercer año\Segundo semestre\Progra de micros\MPLAB\LAB 2.X\contador.asm
                     LOOP   0x000117    program     static D:\UVG\Tercer año\Segundo semestre\Progra de micros\MPLAB\LAB 2.X\contador.asm
                    START   0x000100    program     static D:\UVG\Tercer año\Segundo semestre\Progra de micros\MPLAB\LAB 2.X\contador.asm
          _MAIN_PROG_0128   0x000128    program     static D:\UVG\Tercer año\Segundo semestre\Progra de micros\MPLAB\LAB 2.X\contador.asm
                    CONT1   0x000020       data     static D:\UVG\Tercer año\Segundo semestre\Progra de micros\MPLAB\LAB 2.X\contador.asm
                    CONT2   0x000021       data     static D:\UVG\Tercer año\Segundo semestre\Progra de micros\MPLAB\LAB 2.X\contador.asm
                    FLAGS   0x000022       data     static D:\UVG\Tercer año\Segundo semestre\Progra de micros\MPLAB\LAB 2.X\contador.asm



                              Symbols - Sorted by Address
                     Name    Address   Location    Storage File                     
                ---------  ---------  ---------  --------- ---------                
                    START   0x000100    program     static D:\UVG\Tercer año\Segundo semestre\Progra de micros\MPLAB\LAB 2.X\contador.asm
                     LOOP   0x000117    program     static D:\UVG\Tercer año\Segundo semestre\Progra de micros\MPLAB\LAB 2.X\contador.asm
                 DEBOUNCE   0x00011a    program     static D:\UVG\Tercer año\Segundo semestre\Progra de micros\MPLAB\LAB 2.X\contador.asm
                DELAY_BIG   0x00011f    program     static D:\UVG\Tercer año\Segundo semestre\Progra de micros\MPLAB\LAB 2.X\contador.asm
                  CONFIG1   0x000121    program     static D:\UVG\Tercer año\Segundo semestre\Progra de micros\MPLAB\LAB 2.X\contador.asm
              DELAY_SMALL   0x000125    program     static D:\UVG\Tercer año\Segundo semestre\Progra de micros\MPLAB\LAB 2.X\contador.asm
          _MAIN_PROG_0128   0x000128    program     static D:\UVG\Tercer año\Segundo semestre\Progra de micros\MPLAB\LAB 2.X\contador.asm
                    CONT1   0x000020       data     static D:\UVG\Tercer año\Segundo semestre\Progra de micros\MPLAB\LAB 2.X\contador.asm
                    CONT2   0x000021       data     static D:\UVG\Tercer año\Segundo semestre\Progra de micros\MPLAB\LAB 2.X\contador.asm
                    FLAGS   0x000022       data     static D:\UVG\Tercer año\Segundo semestre\Progra de micros\MPLAB\LAB 2.X\contador.asm


