MPLINK 5.08, LINKER
Linker Map File - Created Thu Sep 17 18:18:29 2020

                                 Section Info
                  Section       Type    Address   Location Size(Bytes)
                ---------  ---------  ---------  ---------  ---------
                 RES_VECT       code   0x000000    program   0x000002
                   .cinit    romdata   0x000001    program   0x000004
                  ISR_VEC       code   0x000004    program   0x000060
                MAIN_PROG       code   0x000100    program   0x0001d0
.config_2007_BUILD/DEFAULT/PRODUCTION/PROYECT       code   0x002007    program   0x000002
.config_2008_BUILD/DEFAULT/PRODUCTION/PROYECT       code   0x002008    program   0x000002
                  GPR_VAR      udata   0x000020       data   0x000013



                              Program Memory Usage 
                               Start         End      
                           ---------   ---------      
                            0x000000    0x000002      
                            0x000004    0x000033      
                            0x000100    0x0001e7      
                            0x002007    0x002008      
            285 out of 8455 program addresses used, program memory utilization is 3%



                              Symbols - Sorted by Name
                     Name    Address   Location    Storage File                     
                ---------  ---------  ---------  --------- ---------                
                    CEROS   0x000134    program     static D:\UVG\Tercer año\Segundo semestre\Progra de micros\MPLAB\Proyecto final.X\Proyecto 1.asm
                   CEROS2   0x000153    program     static D:\UVG\Tercer año\Segundo semestre\Progra de micros\MPLAB\Proyecto final.X\Proyecto 1.asm
              CONFIG_FLAG   0x000163    program     static D:\UVG\Tercer año\Segundo semestre\Progra de micros\MPLAB\Proyecto final.X\Proyecto 1.asm
                CONFIG_IO   0x0001bf    program     static D:\UVG\Tercer año\Segundo semestre\Progra de micros\MPLAB\Proyecto final.X\Proyecto 1.asm
            CONFIG_TIMER0   0x000171    program     static D:\UVG\Tercer año\Segundo semestre\Progra de micros\MPLAB\Proyecto final.X\Proyecto 1.asm
            CONFIG_TIMER1   0x00017e    program     static D:\UVG\Tercer año\Segundo semestre\Progra de micros\MPLAB\Proyecto final.X\Proyecto 1.asm
            CONFIG_TIMER2   0x00018c    program     static D:\UVG\Tercer año\Segundo semestre\Progra de micros\MPLAB\Proyecto final.X\Proyecto 1.asm
                DISPLAY_1   0x00019f    program     static D:\UVG\Tercer año\Segundo semestre\Progra de micros\MPLAB\Proyecto final.X\Proyecto 1.asm
                DISPLAY_2   0x0001a4    program     static D:\UVG\Tercer año\Segundo semestre\Progra de micros\MPLAB\Proyecto final.X\Proyecto 1.asm
                DISPLAY_3   0x0001af    program     static D:\UVG\Tercer año\Segundo semestre\Progra de micros\MPLAB\Proyecto final.X\Proyecto 1.asm
                DISPLAY_4   0x0001b4    program     static D:\UVG\Tercer año\Segundo semestre\Progra de micros\MPLAB\Proyecto final.X\Proyecto 1.asm
           DISPLAY_INICIO   0x000199    program     static D:\UVG\Tercer año\Segundo semestre\Progra de micros\MPLAB\Proyecto final.X\Proyecto 1.asm
                FUE_TIMR0   0x000015    program     static D:\UVG\Tercer año\Segundo semestre\Progra de micros\MPLAB\Proyecto final.X\Proyecto 1.asm
                FUE_TIMR1   0x00001c    program     static D:\UVG\Tercer año\Segundo semestre\Progra de micros\MPLAB\Proyecto final.X\Proyecto 1.asm
                FUE_TIMR2   0x000024    program     static D:\UVG\Tercer año\Segundo semestre\Progra de micros\MPLAB\Proyecto final.X\Proyecto 1.asm
            INCREMENTOS_2   0x00014c    program     static D:\UVG\Tercer año\Segundo semestre\Progra de micros\MPLAB\Proyecto final.X\Proyecto 1.asm
         INCREMENTOS_D10S   0x00012d    program     static D:\UVG\Tercer año\Segundo semestre\Progra de micros\MPLAB\Proyecto final.X\Proyecto 1.asm
             INCREMENTO_1   0x000128    program     static D:\UVG\Tercer año\Segundo semestre\Progra de micros\MPLAB\Proyecto final.X\Proyecto 1.asm
             INCREMENTO_2   0x000147    program     static D:\UVG\Tercer año\Segundo semestre\Progra de micros\MPLAB\Proyecto final.X\Proyecto 1.asm
                      ISR   0x000008    program     static D:\UVG\Tercer año\Segundo semestre\Progra de micros\MPLAB\Proyecto final.X\Proyecto 1.asm
                   LEDOFF   0x000159    program     static D:\UVG\Tercer año\Segundo semestre\Progra de micros\MPLAB\Proyecto final.X\Proyecto 1.asm
                    LEDON   0x00015b    program     static D:\UVG\Tercer año\Segundo semestre\Progra de micros\MPLAB\Proyecto final.X\Proyecto 1.asm
               LEDS_INTER   0x000156    program     static D:\UVG\Tercer año\Segundo semestre\Progra de micros\MPLAB\Proyecto final.X\Proyecto 1.asm
                     LOOP   0x000110    program     static D:\UVG\Tercer año\Segundo semestre\Progra de micros\MPLAB\Proyecto final.X\Proyecto 1.asm
                      POP   0x00000f    program     static D:\UVG\Tercer año\Segundo semestre\Progra de micros\MPLAB\Proyecto final.X\Proyecto 1.asm
                     PUSH   0x000004    program     static D:\UVG\Tercer año\Segundo semestre\Progra de micros\MPLAB\Proyecto final.X\Proyecto 1.asm
                    START   0x000100    program     static D:\UVG\Tercer año\Segundo semestre\Progra de micros\MPLAB\Proyecto final.X\Proyecto 1.asm
                 TABLA_7S   0x000028    program     static D:\UVG\Tercer año\Segundo semestre\Progra de micros\MPLAB\Proyecto final.X\Proyecto 1.asm
                  TIM_2DS   0x00013f    program     static D:\UVG\Tercer año\Segundo semestre\Progra de micros\MPLAB\Proyecto final.X\Proyecto 1.asm
                  TIM_2US   0x000137    program     static D:\UVG\Tercer año\Segundo semestre\Progra de micros\MPLAB\Proyecto final.X\Proyecto 1.asm
                   TIM_DS   0x000120    program     static D:\UVG\Tercer año\Segundo semestre\Progra de micros\MPLAB\Proyecto final.X\Proyecto 1.asm
                   TIM_US   0x000118    program     static D:\UVG\Tercer año\Segundo semestre\Progra de micros\MPLAB\Proyecto final.X\Proyecto 1.asm
                   TOGGLE   0x00015d    program     static D:\UVG\Tercer año\Segundo semestre\Progra de micros\MPLAB\Proyecto final.X\Proyecto 1.asm
                  TOGGLE2   0x0001a9    program     static D:\UVG\Tercer año\Segundo semestre\Progra de micros\MPLAB\Proyecto final.X\Proyecto 1.asm
                  TOGGLE3   0x0001b9    program     static D:\UVG\Tercer año\Segundo semestre\Progra de micros\MPLAB\Proyecto final.X\Proyecto 1.asm
                    TOG_0   0x000161    program     static D:\UVG\Tercer año\Segundo semestre\Progra de micros\MPLAB\Proyecto final.X\Proyecto 1.asm
                   TOG_02   0x0001ad    program     static D:\UVG\Tercer año\Segundo semestre\Progra de micros\MPLAB\Proyecto final.X\Proyecto 1.asm
                   TOG_03   0x0001bd    program     static D:\UVG\Tercer año\Segundo semestre\Progra de micros\MPLAB\Proyecto final.X\Proyecto 1.asm
                    TOG_1   0x00015f    program     static D:\UVG\Tercer año\Segundo semestre\Progra de micros\MPLAB\Proyecto final.X\Proyecto 1.asm
                   TOG_12   0x0001ab    program     static D:\UVG\Tercer año\Segundo semestre\Progra de micros\MPLAB\Proyecto final.X\Proyecto 1.asm
                   TOG_13   0x0001bb    program     static D:\UVG\Tercer año\Segundo semestre\Progra de micros\MPLAB\Proyecto final.X\Proyecto 1.asm
                VARIABLE1   0x00011d    program     static D:\UVG\Tercer año\Segundo semestre\Progra de micros\MPLAB\Proyecto final.X\Proyecto 1.asm
                VARIABLE2   0x000125    program     static D:\UVG\Tercer año\Segundo semestre\Progra de micros\MPLAB\Proyecto final.X\Proyecto 1.asm
                VARIABLE3   0x00013c    program     static D:\UVG\Tercer año\Segundo semestre\Progra de micros\MPLAB\Proyecto final.X\Proyecto 1.asm
                VARIABLE4   0x000144    program     static D:\UVG\Tercer año\Segundo semestre\Progra de micros\MPLAB\Proyecto final.X\Proyecto 1.asm
                    CONT1   0x000024       data     static D:\UVG\Tercer año\Segundo semestre\Progra de micros\MPLAB\Proyecto final.X\Proyecto 1.asm
                    CONT2   0x000025       data     static D:\UVG\Tercer año\Segundo semestre\Progra de micros\MPLAB\Proyecto final.X\Proyecto 1.asm
                    CONT3   0x000026       data     static D:\UVG\Tercer año\Segundo semestre\Progra de micros\MPLAB\Proyecto final.X\Proyecto 1.asm
                    CONT4   0x000027       data     static D:\UVG\Tercer año\Segundo semestre\Progra de micros\MPLAB\Proyecto final.X\Proyecto 1.asm
                    CONTA   0x000022       data     static D:\UVG\Tercer año\Segundo semestre\Progra de micros\MPLAB\Proyecto final.X\Proyecto 1.asm
               CONTADOR_1   0x000028       data     static D:\UVG\Tercer año\Segundo semestre\Progra de micros\MPLAB\Proyecto final.X\Proyecto 1.asm
               CONTADOR_2   0x000029       data     static D:\UVG\Tercer año\Segundo semestre\Progra de micros\MPLAB\Proyecto final.X\Proyecto 1.asm
               CONTADOR_3   0x00002a       data     static D:\UVG\Tercer año\Segundo semestre\Progra de micros\MPLAB\Proyecto final.X\Proyecto 1.asm
               CONTADOR_4   0x00002b       data     static D:\UVG\Tercer año\Segundo semestre\Progra de micros\MPLAB\Proyecto final.X\Proyecto 1.asm
                    CONTB   0x000023       data     static D:\UVG\Tercer año\Segundo semestre\Progra de micros\MPLAB\Proyecto final.X\Proyecto 1.asm
                   CONT_B   0x00002e       data     static D:\UVG\Tercer año\Segundo semestre\Progra de micros\MPLAB\Proyecto final.X\Proyecto 1.asm
                  NIBBLEH   0x00002f       data     static D:\UVG\Tercer año\Segundo semestre\Progra de micros\MPLAB\Proyecto final.X\Proyecto 1.asm
                 NIBBLEH2   0x000031       data     static D:\UVG\Tercer año\Segundo semestre\Progra de micros\MPLAB\Proyecto final.X\Proyecto 1.asm
                  NIBBLEL   0x000030       data     static D:\UVG\Tercer año\Segundo semestre\Progra de micros\MPLAB\Proyecto final.X\Proyecto 1.asm
                 NIBBLEL2   0x000032       data     static D:\UVG\Tercer año\Segundo semestre\Progra de micros\MPLAB\Proyecto final.X\Proyecto 1.asm
              STATUS_TEMP   0x000021       data     static D:\UVG\Tercer año\Segundo semestre\Progra de micros\MPLAB\Proyecto final.X\Proyecto 1.asm
                    TEMP1   0x00002c       data     static D:\UVG\Tercer año\Segundo semestre\Progra de micros\MPLAB\Proyecto final.X\Proyecto 1.asm
                    TEMP2   0x00002d       data     static D:\UVG\Tercer año\Segundo semestre\Progra de micros\MPLAB\Proyecto final.X\Proyecto 1.asm
                   W_TEMP   0x000020       data     static D:\UVG\Tercer año\Segundo semestre\Progra de micros\MPLAB\Proyecto final.X\Proyecto 1.asm



                              Symbols - Sorted by Address
                     Name    Address   Location    Storage File                     
                ---------  ---------  ---------  --------- ---------                
                     PUSH   0x000004    program     static D:\UVG\Tercer año\Segundo semestre\Progra de micros\MPLAB\Proyecto final.X\Proyecto 1.asm
                      ISR   0x000008    program     static D:\UVG\Tercer año\Segundo semestre\Progra de micros\MPLAB\Proyecto final.X\Proyecto 1.asm
                      POP   0x00000f    program     static D:\UVG\Tercer año\Segundo semestre\Progra de micros\MPLAB\Proyecto final.X\Proyecto 1.asm
                FUE_TIMR0   0x000015    program     static D:\UVG\Tercer año\Segundo semestre\Progra de micros\MPLAB\Proyecto final.X\Proyecto 1.asm
                FUE_TIMR1   0x00001c    program     static D:\UVG\Tercer año\Segundo semestre\Progra de micros\MPLAB\Proyecto final.X\Proyecto 1.asm
                FUE_TIMR2   0x000024    program     static D:\UVG\Tercer año\Segundo semestre\Progra de micros\MPLAB\Proyecto final.X\Proyecto 1.asm
                 TABLA_7S   0x000028    program     static D:\UVG\Tercer año\Segundo semestre\Progra de micros\MPLAB\Proyecto final.X\Proyecto 1.asm
                    START   0x000100    program     static D:\UVG\Tercer año\Segundo semestre\Progra de micros\MPLAB\Proyecto final.X\Proyecto 1.asm
                     LOOP   0x000110    program     static D:\UVG\Tercer año\Segundo semestre\Progra de micros\MPLAB\Proyecto final.X\Proyecto 1.asm
                   TIM_US   0x000118    program     static D:\UVG\Tercer año\Segundo semestre\Progra de micros\MPLAB\Proyecto final.X\Proyecto 1.asm
                VARIABLE1   0x00011d    program     static D:\UVG\Tercer año\Segundo semestre\Progra de micros\MPLAB\Proyecto final.X\Proyecto 1.asm
                   TIM_DS   0x000120    program     static D:\UVG\Tercer año\Segundo semestre\Progra de micros\MPLAB\Proyecto final.X\Proyecto 1.asm
                VARIABLE2   0x000125    program     static D:\UVG\Tercer año\Segundo semestre\Progra de micros\MPLAB\Proyecto final.X\Proyecto 1.asm
             INCREMENTO_1   0x000128    program     static D:\UVG\Tercer año\Segundo semestre\Progra de micros\MPLAB\Proyecto final.X\Proyecto 1.asm
         INCREMENTOS_D10S   0x00012d    program     static D:\UVG\Tercer año\Segundo semestre\Progra de micros\MPLAB\Proyecto final.X\Proyecto 1.asm
                    CEROS   0x000134    program     static D:\UVG\Tercer año\Segundo semestre\Progra de micros\MPLAB\Proyecto final.X\Proyecto 1.asm
                  TIM_2US   0x000137    program     static D:\UVG\Tercer año\Segundo semestre\Progra de micros\MPLAB\Proyecto final.X\Proyecto 1.asm
                VARIABLE3   0x00013c    program     static D:\UVG\Tercer año\Segundo semestre\Progra de micros\MPLAB\Proyecto final.X\Proyecto 1.asm
                  TIM_2DS   0x00013f    program     static D:\UVG\Tercer año\Segundo semestre\Progra de micros\MPLAB\Proyecto final.X\Proyecto 1.asm
                VARIABLE4   0x000144    program     static D:\UVG\Tercer año\Segundo semestre\Progra de micros\MPLAB\Proyecto final.X\Proyecto 1.asm
             INCREMENTO_2   0x000147    program     static D:\UVG\Tercer año\Segundo semestre\Progra de micros\MPLAB\Proyecto final.X\Proyecto 1.asm
            INCREMENTOS_2   0x00014c    program     static D:\UVG\Tercer año\Segundo semestre\Progra de micros\MPLAB\Proyecto final.X\Proyecto 1.asm
                   CEROS2   0x000153    program     static D:\UVG\Tercer año\Segundo semestre\Progra de micros\MPLAB\Proyecto final.X\Proyecto 1.asm
               LEDS_INTER   0x000156    program     static D:\UVG\Tercer año\Segundo semestre\Progra de micros\MPLAB\Proyecto final.X\Proyecto 1.asm
                   LEDOFF   0x000159    program     static D:\UVG\Tercer año\Segundo semestre\Progra de micros\MPLAB\Proyecto final.X\Proyecto 1.asm
                    LEDON   0x00015b    program     static D:\UVG\Tercer año\Segundo semestre\Progra de micros\MPLAB\Proyecto final.X\Proyecto 1.asm
                   TOGGLE   0x00015d    program     static D:\UVG\Tercer año\Segundo semestre\Progra de micros\MPLAB\Proyecto final.X\Proyecto 1.asm
                    TOG_1   0x00015f    program     static D:\UVG\Tercer año\Segundo semestre\Progra de micros\MPLAB\Proyecto final.X\Proyecto 1.asm
                    TOG_0   0x000161    program     static D:\UVG\Tercer año\Segundo semestre\Progra de micros\MPLAB\Proyecto final.X\Proyecto 1.asm
              CONFIG_FLAG   0x000163    program     static D:\UVG\Tercer año\Segundo semestre\Progra de micros\MPLAB\Proyecto final.X\Proyecto 1.asm
            CONFIG_TIMER0   0x000171    program     static D:\UVG\Tercer año\Segundo semestre\Progra de micros\MPLAB\Proyecto final.X\Proyecto 1.asm
            CONFIG_TIMER1   0x00017e    program     static D:\UVG\Tercer año\Segundo semestre\Progra de micros\MPLAB\Proyecto final.X\Proyecto 1.asm
            CONFIG_TIMER2   0x00018c    program     static D:\UVG\Tercer año\Segundo semestre\Progra de micros\MPLAB\Proyecto final.X\Proyecto 1.asm
           DISPLAY_INICIO   0x000199    program     static D:\UVG\Tercer año\Segundo semestre\Progra de micros\MPLAB\Proyecto final.X\Proyecto 1.asm
                DISPLAY_1   0x00019f    program     static D:\UVG\Tercer año\Segundo semestre\Progra de micros\MPLAB\Proyecto final.X\Proyecto 1.asm
                DISPLAY_2   0x0001a4    program     static D:\UVG\Tercer año\Segundo semestre\Progra de micros\MPLAB\Proyecto final.X\Proyecto 1.asm
                  TOGGLE2   0x0001a9    program     static D:\UVG\Tercer año\Segundo semestre\Progra de micros\MPLAB\Proyecto final.X\Proyecto 1.asm
                   TOG_12   0x0001ab    program     static D:\UVG\Tercer año\Segundo semestre\Progra de micros\MPLAB\Proyecto final.X\Proyecto 1.asm
                   TOG_02   0x0001ad    program     static D:\UVG\Tercer año\Segundo semestre\Progra de micros\MPLAB\Proyecto final.X\Proyecto 1.asm
                DISPLAY_3   0x0001af    program     static D:\UVG\Tercer año\Segundo semestre\Progra de micros\MPLAB\Proyecto final.X\Proyecto 1.asm
                DISPLAY_4   0x0001b4    program     static D:\UVG\Tercer año\Segundo semestre\Progra de micros\MPLAB\Proyecto final.X\Proyecto 1.asm
                  TOGGLE3   0x0001b9    program     static D:\UVG\Tercer año\Segundo semestre\Progra de micros\MPLAB\Proyecto final.X\Proyecto 1.asm
                   TOG_13   0x0001bb    program     static D:\UVG\Tercer año\Segundo semestre\Progra de micros\MPLAB\Proyecto final.X\Proyecto 1.asm
                   TOG_03   0x0001bd    program     static D:\UVG\Tercer año\Segundo semestre\Progra de micros\MPLAB\Proyecto final.X\Proyecto 1.asm
                CONFIG_IO   0x0001bf    program     static D:\UVG\Tercer año\Segundo semestre\Progra de micros\MPLAB\Proyecto final.X\Proyecto 1.asm
                   W_TEMP   0x000020       data     static D:\UVG\Tercer año\Segundo semestre\Progra de micros\MPLAB\Proyecto final.X\Proyecto 1.asm
              STATUS_TEMP   0x000021       data     static D:\UVG\Tercer año\Segundo semestre\Progra de micros\MPLAB\Proyecto final.X\Proyecto 1.asm
                    CONTA   0x000022       data     static D:\UVG\Tercer año\Segundo semestre\Progra de micros\MPLAB\Proyecto final.X\Proyecto 1.asm
                    CONTB   0x000023       data     static D:\UVG\Tercer año\Segundo semestre\Progra de micros\MPLAB\Proyecto final.X\Proyecto 1.asm
                    CONT1   0x000024       data     static D:\UVG\Tercer año\Segundo semestre\Progra de micros\MPLAB\Proyecto final.X\Proyecto 1.asm
                    CONT2   0x000025       data     static D:\UVG\Tercer año\Segundo semestre\Progra de micros\MPLAB\Proyecto final.X\Proyecto 1.asm
                    CONT3   0x000026       data     static D:\UVG\Tercer año\Segundo semestre\Progra de micros\MPLAB\Proyecto final.X\Proyecto 1.asm
                    CONT4   0x000027       data     static D:\UVG\Tercer año\Segundo semestre\Progra de micros\MPLAB\Proyecto final.X\Proyecto 1.asm
               CONTADOR_1   0x000028       data     static D:\UVG\Tercer año\Segundo semestre\Progra de micros\MPLAB\Proyecto final.X\Proyecto 1.asm
               CONTADOR_2   0x000029       data     static D:\UVG\Tercer año\Segundo semestre\Progra de micros\MPLAB\Proyecto final.X\Proyecto 1.asm
               CONTADOR_3   0x00002a       data     static D:\UVG\Tercer año\Segundo semestre\Progra de micros\MPLAB\Proyecto final.X\Proyecto 1.asm
               CONTADOR_4   0x00002b       data     static D:\UVG\Tercer año\Segundo semestre\Progra de micros\MPLAB\Proyecto final.X\Proyecto 1.asm
                    TEMP1   0x00002c       data     static D:\UVG\Tercer año\Segundo semestre\Progra de micros\MPLAB\Proyecto final.X\Proyecto 1.asm
                    TEMP2   0x00002d       data     static D:\UVG\Tercer año\Segundo semestre\Progra de micros\MPLAB\Proyecto final.X\Proyecto 1.asm
                   CONT_B   0x00002e       data     static D:\UVG\Tercer año\Segundo semestre\Progra de micros\MPLAB\Proyecto final.X\Proyecto 1.asm
                  NIBBLEH   0x00002f       data     static D:\UVG\Tercer año\Segundo semestre\Progra de micros\MPLAB\Proyecto final.X\Proyecto 1.asm
                  NIBBLEL   0x000030       data     static D:\UVG\Tercer año\Segundo semestre\Progra de micros\MPLAB\Proyecto final.X\Proyecto 1.asm
                 NIBBLEH2   0x000031       data     static D:\UVG\Tercer año\Segundo semestre\Progra de micros\MPLAB\Proyecto final.X\Proyecto 1.asm
                 NIBBLEL2   0x000032       data     static D:\UVG\Tercer año\Segundo semestre\Progra de micros\MPLAB\Proyecto final.X\Proyecto 1.asm


