MPLINK 5.08, LINKER
Linker Map File - Created Wed Oct 28 13:54:29 2020

                                 Section Info
                  Section       Type    Address   Location Size(Bytes)
                ---------  ---------  ---------  ---------  ---------
                 RES_VECT       code   0x000000    program   0x000002
                   .cinit    romdata   0x000001    program   0x000004
                 ISR_VECT       code   0x000004    program   0x000044
                MAIN_PROG       code   0x000100    program   0x0000e0
.config_2007_BUILD/DEFAULT/PRODUCTION/PRUEBA        code   0x002007    program   0x000002
.config_2008_BUILD/DEFAULT/PRODUCTION/PRUEBA        code   0x002008    program   0x000002
                  GPR_VAR      udata   0x000020       data   0x00000c



                              Program Memory Usage 
                               Start         End      
                           ---------   ---------      
                            0x000000    0x000002      
                            0x000004    0x000025      
                            0x000100    0x00016f      
                            0x002007    0x002008      
            151 out of 8455 program addresses used, program memory utilization is 1%



                              Symbols - Sorted by Name
                     Name    Address   Location    Storage File                     
                ---------  ---------  ---------  --------- ---------                
               ADC_INICIO   0x00010b    program     static D:\UVG\Tercer año\Segundo semestre\Progra de micros\MPLAB\p2p2.X\prueba proyecto 2.asm
         CONFIG_INTERRUPT   0x000161    program     static D:\UVG\Tercer año\Segundo semestre\Progra de micros\MPLAB\p2p2.X\prueba proyecto 2.asm
                CONFIG_IO   0x000130    program     static D:\UVG\Tercer año\Segundo semestre\Progra de micros\MPLAB\p2p2.X\prueba proyecto 2.asm
              CONFIG_TMR0   0x000154    program     static D:\UVG\Tercer año\Segundo semestre\Progra de micros\MPLAB\p2p2.X\prueba proyecto 2.asm
                CONFIG_TR   0x000122    program     static D:\UVG\Tercer año\Segundo semestre\Progra de micros\MPLAB\p2p2.X\prueba proyecto 2.asm
                  DELAY_1   0x000165    program     static D:\UVG\Tercer año\Segundo semestre\Progra de micros\MPLAB\p2p2.X\prueba proyecto 2.asm
                DISPLAY_0   0x000112    program     static D:\UVG\Tercer año\Segundo semestre\Progra de micros\MPLAB\p2p2.X\prueba proyecto 2.asm
                DISPLAY_1   0x00011b    program     static D:\UVG\Tercer año\Segundo semestre\Progra de micros\MPLAB\p2p2.X\prueba proyecto 2.asm
                      ISR   0x000007    program     static D:\UVG\Tercer año\Segundo semestre\Progra de micros\MPLAB\p2p2.X\prueba proyecto 2.asm
                     LOOP   0x000106    program     static D:\UVG\Tercer año\Segundo semestre\Progra de micros\MPLAB\p2p2.X\prueba proyecto 2.asm
                      POP   0x00000f    program     static D:\UVG\Tercer año\Segundo semestre\Progra de micros\MPLAB\p2p2.X\prueba proyecto 2.asm
                     PUSH   0x000004    program     static D:\UVG\Tercer año\Segundo semestre\Progra de micros\MPLAB\p2p2.X\prueba proyecto 2.asm
                    START   0x000100    program     static D:\UVG\Tercer año\Segundo semestre\Progra de micros\MPLAB\p2p2.X\prueba proyecto 2.asm
                 TABLA_7S   0x000014    program     static D:\UVG\Tercer año\Segundo semestre\Progra de micros\MPLAB\p2p2.X\prueba proyecto 2.asm
          _MAIN_PROG_010E   0x00010e    program     static D:\UVG\Tercer año\Segundo semestre\Progra de micros\MPLAB\p2p2.X\prueba proyecto 2.asm
                    CONT1   0x000020       data     static D:\UVG\Tercer año\Segundo semestre\Progra de micros\MPLAB\p2p2.X\prueba proyecto 2.asm
                   CONT1S   0x000024       data     static D:\UVG\Tercer año\Segundo semestre\Progra de micros\MPLAB\p2p2.X\prueba proyecto 2.asm
                    CONTA   0x000021       data     static D:\UVG\Tercer año\Segundo semestre\Progra de micros\MPLAB\p2p2.X\prueba proyecto 2.asm
                 CONTADOR   0x000025       data     static D:\UVG\Tercer año\Segundo semestre\Progra de micros\MPLAB\p2p2.X\prueba proyecto 2.asm
                    CONTB   0x000022       data     static D:\UVG\Tercer año\Segundo semestre\Progra de micros\MPLAB\p2p2.X\prueba proyecto 2.asm
                   CONTOR   0x000023       data     static D:\UVG\Tercer año\Segundo semestre\Progra de micros\MPLAB\p2p2.X\prueba proyecto 2.asm
              STATUS_TEMP   0x000029       data     static D:\UVG\Tercer año\Segundo semestre\Progra de micros\MPLAB\p2p2.X\prueba proyecto 2.asm
                    TEMP1   0x00002a       data     static D:\UVG\Tercer año\Segundo semestre\Progra de micros\MPLAB\p2p2.X\prueba proyecto 2.asm
                    TEMP2   0x00002b       data     static D:\UVG\Tercer año\Segundo semestre\Progra de micros\MPLAB\p2p2.X\prueba proyecto 2.asm
                VALOR_ADC   0x000027       data     static D:\UVG\Tercer año\Segundo semestre\Progra de micros\MPLAB\p2p2.X\prueba proyecto 2.asm
                   V_VOLT   0x000026       data     static D:\UVG\Tercer año\Segundo semestre\Progra de micros\MPLAB\p2p2.X\prueba proyecto 2.asm
                   W_TEMP   0x000028       data     static D:\UVG\Tercer año\Segundo semestre\Progra de micros\MPLAB\p2p2.X\prueba proyecto 2.asm



                              Symbols - Sorted by Address
                     Name    Address   Location    Storage File                     
                ---------  ---------  ---------  --------- ---------                
                     PUSH   0x000004    program     static D:\UVG\Tercer año\Segundo semestre\Progra de micros\MPLAB\p2p2.X\prueba proyecto 2.asm
                      ISR   0x000007    program     static D:\UVG\Tercer año\Segundo semestre\Progra de micros\MPLAB\p2p2.X\prueba proyecto 2.asm
                      POP   0x00000f    program     static D:\UVG\Tercer año\Segundo semestre\Progra de micros\MPLAB\p2p2.X\prueba proyecto 2.asm
                 TABLA_7S   0x000014    program     static D:\UVG\Tercer año\Segundo semestre\Progra de micros\MPLAB\p2p2.X\prueba proyecto 2.asm
                    START   0x000100    program     static D:\UVG\Tercer año\Segundo semestre\Progra de micros\MPLAB\p2p2.X\prueba proyecto 2.asm
                     LOOP   0x000106    program     static D:\UVG\Tercer año\Segundo semestre\Progra de micros\MPLAB\p2p2.X\prueba proyecto 2.asm
               ADC_INICIO   0x00010b    program     static D:\UVG\Tercer año\Segundo semestre\Progra de micros\MPLAB\p2p2.X\prueba proyecto 2.asm
          _MAIN_PROG_010E   0x00010e    program     static D:\UVG\Tercer año\Segundo semestre\Progra de micros\MPLAB\p2p2.X\prueba proyecto 2.asm
                DISPLAY_0   0x000112    program     static D:\UVG\Tercer año\Segundo semestre\Progra de micros\MPLAB\p2p2.X\prueba proyecto 2.asm
                DISPLAY_1   0x00011b    program     static D:\UVG\Tercer año\Segundo semestre\Progra de micros\MPLAB\p2p2.X\prueba proyecto 2.asm
                CONFIG_TR   0x000122    program     static D:\UVG\Tercer año\Segundo semestre\Progra de micros\MPLAB\p2p2.X\prueba proyecto 2.asm
                CONFIG_IO   0x000130    program     static D:\UVG\Tercer año\Segundo semestre\Progra de micros\MPLAB\p2p2.X\prueba proyecto 2.asm
              CONFIG_TMR0   0x000154    program     static D:\UVG\Tercer año\Segundo semestre\Progra de micros\MPLAB\p2p2.X\prueba proyecto 2.asm
         CONFIG_INTERRUPT   0x000161    program     static D:\UVG\Tercer año\Segundo semestre\Progra de micros\MPLAB\p2p2.X\prueba proyecto 2.asm
                  DELAY_1   0x000165    program     static D:\UVG\Tercer año\Segundo semestre\Progra de micros\MPLAB\p2p2.X\prueba proyecto 2.asm
                    CONT1   0x000020       data     static D:\UVG\Tercer año\Segundo semestre\Progra de micros\MPLAB\p2p2.X\prueba proyecto 2.asm
                    CONTA   0x000021       data     static D:\UVG\Tercer año\Segundo semestre\Progra de micros\MPLAB\p2p2.X\prueba proyecto 2.asm
                    CONTB   0x000022       data     static D:\UVG\Tercer año\Segundo semestre\Progra de micros\MPLAB\p2p2.X\prueba proyecto 2.asm
                   CONTOR   0x000023       data     static D:\UVG\Tercer año\Segundo semestre\Progra de micros\MPLAB\p2p2.X\prueba proyecto 2.asm
                   CONT1S   0x000024       data     static D:\UVG\Tercer año\Segundo semestre\Progra de micros\MPLAB\p2p2.X\prueba proyecto 2.asm
                 CONTADOR   0x000025       data     static D:\UVG\Tercer año\Segundo semestre\Progra de micros\MPLAB\p2p2.X\prueba proyecto 2.asm
                   V_VOLT   0x000026       data     static D:\UVG\Tercer año\Segundo semestre\Progra de micros\MPLAB\p2p2.X\prueba proyecto 2.asm
                VALOR_ADC   0x000027       data     static D:\UVG\Tercer año\Segundo semestre\Progra de micros\MPLAB\p2p2.X\prueba proyecto 2.asm
                   W_TEMP   0x000028       data     static D:\UVG\Tercer año\Segundo semestre\Progra de micros\MPLAB\p2p2.X\prueba proyecto 2.asm
              STATUS_TEMP   0x000029       data     static D:\UVG\Tercer año\Segundo semestre\Progra de micros\MPLAB\p2p2.X\prueba proyecto 2.asm
                    TEMP1   0x00002a       data     static D:\UVG\Tercer año\Segundo semestre\Progra de micros\MPLAB\p2p2.X\prueba proyecto 2.asm
                    TEMP2   0x00002b       data     static D:\UVG\Tercer año\Segundo semestre\Progra de micros\MPLAB\p2p2.X\prueba proyecto 2.asm


