MPLINK 5.08, LINKER
Linker Map File - Created Thu Oct 29 01:33:03 2020

                                 Section Info
                  Section       Type    Address   Location Size(Bytes)
                ---------  ---------  ---------  ---------  ---------
                 RES_VECT       code   0x000000    program   0x000002
                   .cinit    romdata   0x000001    program   0x000004
                 ISR_VECT       code   0x000004    program   0x000044
                MAIN_PROG       code   0x000100    program   0x000116
.config_2007_BUILD/DEFAULT/PRODUCTION/PRUEBA        code   0x002007    program   0x000002
.config_2008_BUILD/DEFAULT/PRODUCTION/PRUEBA        code   0x002008    program   0x000002
                  GPR_VAR      udata   0x000020       data   0x00000e



                              Program Memory Usage 
                               Start         End      
                           ---------   ---------      
                            0x000000    0x000002      
                            0x000004    0x000025      
                            0x000100    0x00018a      
                            0x002007    0x002008      
            178 out of 8455 program addresses used, program memory utilization is 2%



                              Symbols - Sorted by Name
                     Name    Address   Location    Storage File                     
                ---------  ---------  ---------  --------- ---------                
               CONFIG_ADC   0x00015f    program     static D:\UVG\Tercer año\Segundo semestre\Progra de micros\MPLAB\Labs-de-micros\p2p2.X\prueba proyecto 2.asm
              CONFIG_ADCX   0x00010e    program     static D:\UVG\Tercer año\Segundo semestre\Progra de micros\MPLAB\Labs-de-micros\p2p2.X\prueba proyecto 2.asm
              CONFIG_ADCY   0x000116    program     static D:\UVG\Tercer año\Segundo semestre\Progra de micros\MPLAB\Labs-de-micros\p2p2.X\prueba proyecto 2.asm
         CONFIG_INTERRUPT   0x00017c    program     static D:\UVG\Tercer año\Segundo semestre\Progra de micros\MPLAB\Labs-de-micros\p2p2.X\prueba proyecto 2.asm
                CONFIG_IO   0x000149    program     static D:\UVG\Tercer año\Segundo semestre\Progra de micros\MPLAB\Labs-de-micros\p2p2.X\prueba proyecto 2.asm
              CONFIG_TMR0   0x00016f    program     static D:\UVG\Tercer año\Segundo semestre\Progra de micros\MPLAB\Labs-de-micros\p2p2.X\prueba proyecto 2.asm
                CONFIG_TR   0x00013b    program     static D:\UVG\Tercer año\Segundo semestre\Progra de micros\MPLAB\Labs-de-micros\p2p2.X\prueba proyecto 2.asm
                  DELAY_1   0x000180    program     static D:\UVG\Tercer año\Segundo semestre\Progra de micros\MPLAB\Labs-de-micros\p2p2.X\prueba proyecto 2.asm
                DISPLAY_0   0x00011d    program     static D:\UVG\Tercer año\Segundo semestre\Progra de micros\MPLAB\Labs-de-micros\p2p2.X\prueba proyecto 2.asm
                DISPLAY_1   0x000126    program     static D:\UVG\Tercer año\Segundo semestre\Progra de micros\MPLAB\Labs-de-micros\p2p2.X\prueba proyecto 2.asm
                DISPLAY_2   0x00012d    program     static D:\UVG\Tercer año\Segundo semestre\Progra de micros\MPLAB\Labs-de-micros\p2p2.X\prueba proyecto 2.asm
                DISPLAY_3   0x000134    program     static D:\UVG\Tercer año\Segundo semestre\Progra de micros\MPLAB\Labs-de-micros\p2p2.X\prueba proyecto 2.asm
                      ISR   0x000007    program     static D:\UVG\Tercer año\Segundo semestre\Progra de micros\MPLAB\Labs-de-micros\p2p2.X\prueba proyecto 2.asm
                     LOOP   0x000107    program     static D:\UVG\Tercer año\Segundo semestre\Progra de micros\MPLAB\Labs-de-micros\p2p2.X\prueba proyecto 2.asm
                      POP   0x00000f    program     static D:\UVG\Tercer año\Segundo semestre\Progra de micros\MPLAB\Labs-de-micros\p2p2.X\prueba proyecto 2.asm
                     PUSH   0x000004    program     static D:\UVG\Tercer año\Segundo semestre\Progra de micros\MPLAB\Labs-de-micros\p2p2.X\prueba proyecto 2.asm
                    START   0x000100    program     static D:\UVG\Tercer año\Segundo semestre\Progra de micros\MPLAB\Labs-de-micros\p2p2.X\prueba proyecto 2.asm
                 TABLA_7S   0x000014    program     static D:\UVG\Tercer año\Segundo semestre\Progra de micros\MPLAB\Labs-de-micros\p2p2.X\prueba proyecto 2.asm
          _MAIN_PROG_0110   0x000110    program     static D:\UVG\Tercer año\Segundo semestre\Progra de micros\MPLAB\Labs-de-micros\p2p2.X\prueba proyecto 2.asm
                    CONT1   0x000020       data     static D:\UVG\Tercer año\Segundo semestre\Progra de micros\MPLAB\Labs-de-micros\p2p2.X\prueba proyecto 2.asm
                   CONT1S   0x000024       data     static D:\UVG\Tercer año\Segundo semestre\Progra de micros\MPLAB\Labs-de-micros\p2p2.X\prueba proyecto 2.asm
                    CONTA   0x000021       data     static D:\UVG\Tercer año\Segundo semestre\Progra de micros\MPLAB\Labs-de-micros\p2p2.X\prueba proyecto 2.asm
                 CONTADOR   0x000025       data     static D:\UVG\Tercer año\Segundo semestre\Progra de micros\MPLAB\Labs-de-micros\p2p2.X\prueba proyecto 2.asm
                    CONTB   0x000022       data     static D:\UVG\Tercer año\Segundo semestre\Progra de micros\MPLAB\Labs-de-micros\p2p2.X\prueba proyecto 2.asm
                   CONTOR   0x000023       data     static D:\UVG\Tercer año\Segundo semestre\Progra de micros\MPLAB\Labs-de-micros\p2p2.X\prueba proyecto 2.asm
                    CONTX   0x00002c       data     static D:\UVG\Tercer año\Segundo semestre\Progra de micros\MPLAB\Labs-de-micros\p2p2.X\prueba proyecto 2.asm
                    CONTY   0x00002d       data     static D:\UVG\Tercer año\Segundo semestre\Progra de micros\MPLAB\Labs-de-micros\p2p2.X\prueba proyecto 2.asm
              STATUS_TEMP   0x000029       data     static D:\UVG\Tercer año\Segundo semestre\Progra de micros\MPLAB\Labs-de-micros\p2p2.X\prueba proyecto 2.asm
                    TEMP1   0x00002a       data     static D:\UVG\Tercer año\Segundo semestre\Progra de micros\MPLAB\Labs-de-micros\p2p2.X\prueba proyecto 2.asm
                    TEMP2   0x00002b       data     static D:\UVG\Tercer año\Segundo semestre\Progra de micros\MPLAB\Labs-de-micros\p2p2.X\prueba proyecto 2.asm
                VALOR_ADC   0x000027       data     static D:\UVG\Tercer año\Segundo semestre\Progra de micros\MPLAB\Labs-de-micros\p2p2.X\prueba proyecto 2.asm
                   V_VOLT   0x000026       data     static D:\UVG\Tercer año\Segundo semestre\Progra de micros\MPLAB\Labs-de-micros\p2p2.X\prueba proyecto 2.asm
                   W_TEMP   0x000028       data     static D:\UVG\Tercer año\Segundo semestre\Progra de micros\MPLAB\Labs-de-micros\p2p2.X\prueba proyecto 2.asm



                              Symbols - Sorted by Address
                     Name    Address   Location    Storage File                     
                ---------  ---------  ---------  --------- ---------                
                     PUSH   0x000004    program     static D:\UVG\Tercer año\Segundo semestre\Progra de micros\MPLAB\Labs-de-micros\p2p2.X\prueba proyecto 2.asm
                      ISR   0x000007    program     static D:\UVG\Tercer año\Segundo semestre\Progra de micros\MPLAB\Labs-de-micros\p2p2.X\prueba proyecto 2.asm
                      POP   0x00000f    program     static D:\UVG\Tercer año\Segundo semestre\Progra de micros\MPLAB\Labs-de-micros\p2p2.X\prueba proyecto 2.asm
                 TABLA_7S   0x000014    program     static D:\UVG\Tercer año\Segundo semestre\Progra de micros\MPLAB\Labs-de-micros\p2p2.X\prueba proyecto 2.asm
                    START   0x000100    program     static D:\UVG\Tercer año\Segundo semestre\Progra de micros\MPLAB\Labs-de-micros\p2p2.X\prueba proyecto 2.asm
                     LOOP   0x000107    program     static D:\UVG\Tercer año\Segundo semestre\Progra de micros\MPLAB\Labs-de-micros\p2p2.X\prueba proyecto 2.asm
              CONFIG_ADCX   0x00010e    program     static D:\UVG\Tercer año\Segundo semestre\Progra de micros\MPLAB\Labs-de-micros\p2p2.X\prueba proyecto 2.asm
          _MAIN_PROG_0110   0x000110    program     static D:\UVG\Tercer año\Segundo semestre\Progra de micros\MPLAB\Labs-de-micros\p2p2.X\prueba proyecto 2.asm
              CONFIG_ADCY   0x000116    program     static D:\UVG\Tercer año\Segundo semestre\Progra de micros\MPLAB\Labs-de-micros\p2p2.X\prueba proyecto 2.asm
                DISPLAY_0   0x00011d    program     static D:\UVG\Tercer año\Segundo semestre\Progra de micros\MPLAB\Labs-de-micros\p2p2.X\prueba proyecto 2.asm
                DISPLAY_1   0x000126    program     static D:\UVG\Tercer año\Segundo semestre\Progra de micros\MPLAB\Labs-de-micros\p2p2.X\prueba proyecto 2.asm
                DISPLAY_2   0x00012d    program     static D:\UVG\Tercer año\Segundo semestre\Progra de micros\MPLAB\Labs-de-micros\p2p2.X\prueba proyecto 2.asm
                DISPLAY_3   0x000134    program     static D:\UVG\Tercer año\Segundo semestre\Progra de micros\MPLAB\Labs-de-micros\p2p2.X\prueba proyecto 2.asm
                CONFIG_TR   0x00013b    program     static D:\UVG\Tercer año\Segundo semestre\Progra de micros\MPLAB\Labs-de-micros\p2p2.X\prueba proyecto 2.asm
                CONFIG_IO   0x000149    program     static D:\UVG\Tercer año\Segundo semestre\Progra de micros\MPLAB\Labs-de-micros\p2p2.X\prueba proyecto 2.asm
               CONFIG_ADC   0x00015f    program     static D:\UVG\Tercer año\Segundo semestre\Progra de micros\MPLAB\Labs-de-micros\p2p2.X\prueba proyecto 2.asm
              CONFIG_TMR0   0x00016f    program     static D:\UVG\Tercer año\Segundo semestre\Progra de micros\MPLAB\Labs-de-micros\p2p2.X\prueba proyecto 2.asm
         CONFIG_INTERRUPT   0x00017c    program     static D:\UVG\Tercer año\Segundo semestre\Progra de micros\MPLAB\Labs-de-micros\p2p2.X\prueba proyecto 2.asm
                  DELAY_1   0x000180    program     static D:\UVG\Tercer año\Segundo semestre\Progra de micros\MPLAB\Labs-de-micros\p2p2.X\prueba proyecto 2.asm
                    CONT1   0x000020       data     static D:\UVG\Tercer año\Segundo semestre\Progra de micros\MPLAB\Labs-de-micros\p2p2.X\prueba proyecto 2.asm
                    CONTA   0x000021       data     static D:\UVG\Tercer año\Segundo semestre\Progra de micros\MPLAB\Labs-de-micros\p2p2.X\prueba proyecto 2.asm
                    CONTB   0x000022       data     static D:\UVG\Tercer año\Segundo semestre\Progra de micros\MPLAB\Labs-de-micros\p2p2.X\prueba proyecto 2.asm
                   CONTOR   0x000023       data     static D:\UVG\Tercer año\Segundo semestre\Progra de micros\MPLAB\Labs-de-micros\p2p2.X\prueba proyecto 2.asm
                   CONT1S   0x000024       data     static D:\UVG\Tercer año\Segundo semestre\Progra de micros\MPLAB\Labs-de-micros\p2p2.X\prueba proyecto 2.asm
                 CONTADOR   0x000025       data     static D:\UVG\Tercer año\Segundo semestre\Progra de micros\MPLAB\Labs-de-micros\p2p2.X\prueba proyecto 2.asm
                   V_VOLT   0x000026       data     static D:\UVG\Tercer año\Segundo semestre\Progra de micros\MPLAB\Labs-de-micros\p2p2.X\prueba proyecto 2.asm
                VALOR_ADC   0x000027       data     static D:\UVG\Tercer año\Segundo semestre\Progra de micros\MPLAB\Labs-de-micros\p2p2.X\prueba proyecto 2.asm
                   W_TEMP   0x000028       data     static D:\UVG\Tercer año\Segundo semestre\Progra de micros\MPLAB\Labs-de-micros\p2p2.X\prueba proyecto 2.asm
              STATUS_TEMP   0x000029       data     static D:\UVG\Tercer año\Segundo semestre\Progra de micros\MPLAB\Labs-de-micros\p2p2.X\prueba proyecto 2.asm
                    TEMP1   0x00002a       data     static D:\UVG\Tercer año\Segundo semestre\Progra de micros\MPLAB\Labs-de-micros\p2p2.X\prueba proyecto 2.asm
                    TEMP2   0x00002b       data     static D:\UVG\Tercer año\Segundo semestre\Progra de micros\MPLAB\Labs-de-micros\p2p2.X\prueba proyecto 2.asm
                    CONTX   0x00002c       data     static D:\UVG\Tercer año\Segundo semestre\Progra de micros\MPLAB\Labs-de-micros\p2p2.X\prueba proyecto 2.asm
                    CONTY   0x00002d       data     static D:\UVG\Tercer año\Segundo semestre\Progra de micros\MPLAB\Labs-de-micros\p2p2.X\prueba proyecto 2.asm


